
Logs:
INFO Estimate uploaded to Infracost Cloud
INFO 2 guardrails checked
INFO guardrail check failed: medical problems
