Comment posted to GitHub


Err:
Error: Guardrail check failed:

 - Stand by your estimate


Logs:
level=info msg="Estimate uploaded to Infracost Cloud"
level=info msg="1 guardrail checked"
level=info msg="guardrail check failed: Stand by your estimate"
level=info msg="Creating new comment"
level=info msg="Created new comment: "
