version: 0.1

projects:
  - path: bar/foo
    name: bar-foo
