{"version":"0.2","metadata":{"infracostCommand":"output","vcsBranch":"test","vcsCommitSha":"1234","vcsCommitAuthorName":"hugo","vcsCommitAuthorEmail":"hugo@test.com","vcsCommitTimestamp":"REPLACED_TIME","vcsCommitMessage":"mymessage","vcsRepositoryUrl":"https://github.com/infracost/infracost.git"},"currency":"USD","projects":[{"name":"infracost/infracost/cmd/infracost/testdata","metadata":{"path":"./cmd/infracost/testdata/","type":"terraform_dir","terraformWorkspace":"default","vcsSubPath":"cmd/infracost/testdata"},"pastBreakdown":{"resources":[],"totalHourlyCost":"0","totalMonthlyCost":"0"},"breakdown":{"resources":[{"name":"aws_instance.web_app","metadata":{},"hourlyCost":"1.017315068493150679","monthlyCost":"742.64","costComponents":[{"name":"Instance usage (Linux/UNIX, on-demand, m5.4xlarge)","unit":"hours","hourlyQuantity":"1","monthlyQuantity":"730","price":"0.768","hourlyCost":"0.768","monthlyCost":"560.64"}],"subresources":[{"name":"root_block_device","metadata":{},"hourlyCost":"0.00684931506849315","monthlyCost":"5","costComponents":[{"name":"Storage (general purpose SSD, gp2)","unit":"GB","hourlyQuantity":"0.0684931506849315","monthlyQuantity":"50","price":"0.1","hourlyCost":"0.00684931506849315","monthlyCost":"5"}]},{"name":"ebs_block_device[0]","metadata":{},"hourlyCost":"0.242465753424657529","monthlyCost":"177","costComponents":[{"name":"Storage (provisioned IOPS SSD, io1)","unit":"GB","hourlyQuantity":"1.3698630136986301","monthlyQuantity":"1000","price":"0.125","hourlyCost":"0.1712328767123287625","monthlyCost":"125"},{"name":"Provisioned IOPS","unit":"IOPS","hourlyQuantity":"1.0958904109589041","monthlyQuantity":"800","price":"0.065","hourlyCost":"0.0712328767123287665","monthlyCost":"52"}]}]},{"name":"aws_instance.zero_cost_instance","metadata":{},"hourlyCost":"0.249315068493150679","monthlyCost":"182","costComponents":[{"name":"Instance usage (Linux/UNIX, reserved, m5.4xlarge)","unit":"hours","hourlyQuantity":"1","monthlyQuantity":"730","price":"0","hourlyCost":"0","monthlyCost":"0"}],"subresources":[{"name":"root_block_device","metadata":{},"hourlyCost":"0.00684931506849315","monthlyCost":"5","costComponents":[{"name":"Storage (general purpose SSD, gp2)","unit":"GB","hourlyQuantity":"0.0684931506849315","monthlyQuantity":"50","price":"0.1","hourlyCost":"0.00684931506849315","monthlyCost":"5"}]},{"name":"ebs_block_device[0]","metadata":{},"hourlyCost":"0.242465753424657529","monthlyCost":"177","costComponents":[{"name":"Storage (provisioned IOPS SSD, io1)","unit":"GB","hourlyQuantity":"1.3698630136986301","monthlyQuantity":"1000","price":"0.125","hourlyCost":"0.1712328767123287625","monthlyCost":"125"},{"name":"Provisioned IOPS","unit":"IOPS","hourlyQuantity":"1.0958904109589041","monthlyQuantity":"800","price":"0.065","hourlyCost":"0.0712328767123287665","monthlyCost":"52"}]}]},{"name":"aws_lambda_function.hello_world","metadata":{},"hourlyCost":"0.59817465753424657534316749","monthlyCost":"436.6675","costComponents":[{"name":"Requests","unit":"1M requests","hourlyQuantity":"0.136986301369863","monthlyQuantity":"100","price":"0.2","hourlyCost":"0.02739726027397260273972","monthlyCost":"20"},{"name":"Duration","unit":"GB-seconds","hourlyQuantity":"34246.5753424657534247","monthlyQuantity":"25000000","price":"0.0000166667","hourlyCost":"0.57077739726027397260344749","monthlyCost":"416.6675"}]},{"name":"aws_lambda_function.zero_cost_lambda","metadata":{},"hourlyCost":"0","monthlyCost":"0","costComponents":[{"name":"Requests","unit":"1M requests","hourlyQuantity":"0","monthlyQuantity":"0","price":"0.2","hourlyCost":"0","monthlyCost":"0"},{"name":"Duration","unit":"GB-seconds","hourlyQuantity":"0","monthlyQuantity":"0","price":"0.0000166667","hourlyCost":"0","monthlyCost":"0"}]},{"name":"aws_s3_bucket.usage","metadata":{},"hourlyCost":"0","monthlyCost":"0","subresources":[{"name":"Standard","metadata":{},"hourlyCost":"0","monthlyCost":"0","costComponents":[{"name":"Storage","unit":"GB","hourlyQuantity":"0","monthlyQuantity":"0","price":"0.023","hourlyCost":"0","monthlyCost":"0"},{"name":"PUT, COPY, POST, LIST requests","unit":"1k requests","hourlyQuantity":"0","monthlyQuantity":"0","price":"0.005","hourlyCost":"0","monthlyCost":"0"},{"name":"GET, SELECT, and all other requests","unit":"1k requests","hourlyQuantity":"0","monthlyQuantity":"0","price":"0.0004","hourlyCost":"0","monthlyCost":"0"},{"name":"Select data scanned","unit":"GB","hourlyQuantity":"0","monthlyQuantity":"0","price":"0.002","hourlyCost":"0","monthlyCost":"0"},{"name":"Select data returned","unit":"GB","hourlyQuantity":"0","monthlyQuantity":"0","price":"0.0007","hourlyCost":"0","monthlyCost":"0"}]}]}],"totalHourlyCost":"1.86480479452054793334316749","totalMonthlyCost":"1361.3075"},"diff":{"resources":[{"name":"aws_instance.web_app","metadata":{},"hourlyCost":"1.017315068493150679","monthlyCost":"742.64","costComponents":[{"name":"Instance usage (Linux/UNIX, on-demand, m5.4xlarge)","unit":"hours","hourlyQuantity":"1","monthlyQuantity":"730","price":"0.768","hourlyCost":"0.768","monthlyCost":"560.64"}],"subresources":[{"name":"root_block_device","metadata":{},"hourlyCost":"0.00684931506849315","monthlyCost":"5","costComponents":[{"name":"Storage (general purpose SSD, gp2)","unit":"GB","hourlyQuantity":"0.0684931506849315","monthlyQuantity":"50","price":"0.1","hourlyCost":"0.00684931506849315","monthlyCost":"5"}]},{"name":"ebs_block_device[0]","metadata":{},"hourlyCost":"0.242465753424657529","monthlyCost":"177","costComponents":[{"name":"Storage (provisioned IOPS SSD, io1)","unit":"GB","hourlyQuantity":"1.3698630136986301","monthlyQuantity":"1000","price":"0.125","hourlyCost":"0.1712328767123287625","monthlyCost":"125"},{"name":"Provisioned IOPS","unit":"IOPS","hourlyQuantity":"1.0958904109589041","monthlyQuantity":"800","price":"0.065","hourlyCost":"0.0712328767123287665","monthlyCost":"52"}]}]},{"name":"aws_instance.zero_cost_instance","metadata":{},"hourlyCost":"0.249315068493150679","monthlyCost":"182","costComponents":[{"name":"Instance usage (Linux/UNIX, reserved, m5.4xlarge)","unit":"hours","hourlyQuantity":"1","monthlyQuantity":"730","price":"0","hourlyCost":"0","monthlyCost":"0"}],"subresources":[{"name":"root_block_device","metadata":{},"hourlyCost":"0.00684931506849315","monthlyCost":"5","costComponents":[{"name":"Storage (general purpose SSD, gp2)","unit":"GB","hourlyQuantity":"0.0684931506849315","monthlyQuantity":"50","price":"0.1","hourlyCost":"0.00684931506849315","monthlyCost":"5"}]},{"name":"ebs_block_device[0]","metadata":{},"hourlyCost":"0.242465753424657529","monthlyCost":"177","costComponents":[{"name":"Storage (provisioned IOPS SSD, io1)","unit":"GB","hourlyQuantity":"1.3698630136986301","monthlyQuantity":"1000","price":"0.125","hourlyCost":"0.1712328767123287625","monthlyCost":"125"},{"name":"Provisioned IOPS","unit":"IOPS","hourlyQuantity":"1.0958904109589041","monthlyQuantity":"800","price":"0.065","hourlyCost":"0.0712328767123287665","monthlyCost":"52"}]}]},{"name":"aws_lambda_function.hello_world","metadata":{},"hourlyCost":"0.59817465753424657534316749","monthlyCost":"436.6675","costComponents":[{"name":"Requests","unit":"1M requests","hourlyQuantity":"0.136986301369863","monthlyQuantity":"100","price":"0.2","hourlyCost":"0.02739726027397260273972","monthlyCost":"20"},{"name":"Duration","unit":"GB-seconds","hourlyQuantity":"34246.5753424657534247","monthlyQuantity":"25000000","price":"0.0000166667","hourlyCost":"0.57077739726027397260344749","monthlyCost":"416.6675"}]},{"name":"aws_lambda_function.zero_cost_lambda","metadata":{},"hourlyCost":"0","monthlyCost":"0","costComponents":[{"name":"Requests","unit":"1M requests","hourlyQuantity":"0","monthlyQuantity":"0","price":"0.2","hourlyCost":"0","monthlyCost":"0"},{"name":"Duration","unit":"GB-seconds","hourlyQuantity":"0","monthlyQuantity":"0","price":"0.0000166667","hourlyCost":"0","monthlyCost":"0"}]},{"name":"aws_s3_bucket.usage","metadata":{},"hourlyCost":"0","monthlyCost":"0","subresources":[{"name":"Standard","metadata":{},"hourlyCost":"0","monthlyCost":"0","costComponents":[{"name":"Storage","unit":"GB","hourlyQuantity":"0","monthlyQuantity":"0","price":"0.023","hourlyCost":"0","monthlyCost":"0"},{"name":"PUT, COPY, POST, LIST requests","unit":"1k requests","hourlyQuantity":"0","monthlyQuantity":"0","price":"0.005","hourlyCost":"0","monthlyCost":"0"},{"name":"GET, SELECT, and all other requests","unit":"1k requests","hourlyQuantity":"0","monthlyQuantity":"0","price":"0.0004","hourlyCost":"0","monthlyCost":"0"},{"name":"Select data scanned","unit":"GB","hourlyQuantity":"0","monthlyQuantity":"0","price":"0.002","hourlyCost":"0","monthlyCost":"0"},{"name":"Select data returned","unit":"GB","hourlyQuantity":"0","monthlyQuantity":"0","price":"0.0007","hourlyCost":"0","monthlyCost":"0"}]}]}],"totalHourlyCost":"1.86480479452054793334316749","totalMonthlyCost":"1361.3075"},"summary":{"unsupportedResourceCounts":{}}}],"totalHourlyCost":"1.86480479452054793334316749","totalMonthlyCost":"1361.3075","pastTotalHourlyCost":null,"pastTotalMonthlyCost":null,"diffTotalHourlyCost":null,"diffTotalMonthlyCost":null,"timeGenerated":"REPLACED_TIME","summary":{"unsupportedResourceCounts":{}}}