
 Name                                                                           Monthly Qty  Unit                    Monthly Cost 
                                                                                                                                  
 google_secret_manager_secret.secret_automatic                                                                                    
 ├─ Active secret versions                                                Monthly cost depends on usage: $0.06 per versions       
 ├─ Access operations                                                     Monthly cost depends on usage: $0.03 per 10K requests   
 └─ Rotation notifications                                                Monthly cost depends on usage: $0.05 per rotations      
                                                                                                                                  
 google_secret_manager_secret.secret_example                                                                                      
 ├─ Active secret versions                                                Monthly cost depends on usage: $0.06 per versions       
 ├─ Access operations                                                     Monthly cost depends on usage: $0.03 per 10K requests   
 └─ Rotation notifications                                                Monthly cost depends on usage: $0.05 per rotations      
                                                                                                                                  
 google_secret_manager_secret_version.secret_version                                                                              
 ├─ Active secret versions                                                                2  versions                       $0.12 
 └─ Access operations                                                     Monthly cost depends on usage: $0.03 per 10K requests   
                                                                                                                                  
 google_secret_manager_secret_version.secret_version_replicas_with_usage                                                          
 ├─ Active secret versions                                                                2  versions                       $0.12 
 └─ Access operations                                                                   0.2  10K requests                   $0.01 
                                                                                                                                  
 google_secret_manager_secret_version.secret_version_with_usage                                                                   
 ├─ Active secret versions                                                                1  versions                       $0.06 
 └─ Access operations                                                                   2.5  10K requests                   $0.08 
                                                                                                                                  
 OVERALL TOTAL                                                                                                              $0.38 
──────────────────────────────────
5 cloud resources were detected:
∙ 5 were estimated, all of which include usage-based costs, see https://infracost.io/usage-file