Project: infracost/infracost/cmd/infracost/testdata/hcllocal_object_mock

 Name                                                 Monthly Qty  Unit   Monthly Cost 
                                                                                       
 aws_instance.workers_launch_template                                                  
 ├─ Instance usage (Linux/UNIX, on-demand, m4.large)          730  hours        $73.00 
 └─ root_block_device                                                                  
    └─ Storage (general purpose SSD, gp2)                       8  GB            $0.80 
                                                                                       
 OVERALL TOTAL                                                                  $73.80 
──────────────────────────────────
1 cloud resource was detected:
∙ 1 was estimated, it includes usage-based costs, see https://infracost.io/usage-file

Err:

