version: 0.1

projects:
  - path: apps/bar
    name: apps-bar-dev
    terraform_var_files:
      - envs/default.tfvars
      - envs/dev.tfvars
    skip_autodetect: true
    dependency_paths:
      - apps/bar/**
      - apps/bar/envs/default.tfvars
      - apps/bar/envs/dev.tfvars
  - path: apps/bar
    name: apps-bar-prod
    terraform_var_files:
      - envs/default.tfvars
      - envs/prod.tfvars
    skip_autodetect: true
    dependency_paths:
      - apps/bar/**
      - apps/bar/envs/default.tfvars
      - apps/bar/envs/prod.tfvars
  - path: apps/foo
    name: apps-foo-dev
    terraform_var_files:
      - envs/default.tfvars
      - envs/dev.tfvars
    skip_autodetect: true
    dependency_paths:
      - apps/foo/**
      - apps/foo/envs/default.tfvars
      - apps/foo/envs/dev.tfvars
  - path: apps/foo
    name: apps-foo-staging
    terraform_var_files:
      - envs/default.tfvars
      - envs/staging.tfvars
    skip_autodetect: true
    dependency_paths:
      - apps/foo/**
      - apps/foo/envs/default.tfvars
      - apps/foo/envs/staging.tfvars

