
 Name                                                                Monthly Qty  Unit                      Monthly Cost 
                                                                                                                         
 aws_sns_topic_subscription.sns_topic_subscription                                                                       
 └─ HTTP notifications                                        Monthly cost depends on usage: $0.60 per 1M notifications  
                                                                                                                         
 aws_sns_topic_subscription.sns_topic_subscription_withUsage                                                             
 └─ HTTP notifications                                                         2  1M notifications                 $1.20 
                                                                                                                         
 OVERALL TOTAL                                                                                                     $1.20 
──────────────────────────────────
2 cloud resources were detected:
∙ 2 were estimated, all of which include usage-based costs, see https://infracost.io/usage-file