{
  "attachments": [
    {
      "color": "#dcd8e1",
      "blocks": [
        {
          "type": "section",
          "text": {
            "type": "mrkdwn",
            "text": "*Infracost output*\n```Key: * usage cost, ~ changed, + added, - removed\n\n──────────────────────────────────\nProject: REPLACED_PROJECT_PATH/testdata                       ┃       +$1,361 ┃           - ┃      +$1,361 ┃\n┃ infracost/infracost/cmd/infraco...data/terraform_v0.14_plan.json ┃          +$41 ┃           - ┃ +$41 (+100%) ┃\n┗━━━━━━━━━━━━━━━━━━━━━━━━━━━━━━━━━━━━━━━━━━━━━━━━━━━━━━━━━━━━━━━━━━┻━━━━━━━━━━━━━━━┻━━━━━━━━━━━━━┻━━━━━━━━━━━━━━┛```"
          }
        }
      ]
    }
  ],
  "blocks": [
    {
      "type": "section",
      "text": {
        "type": "mrkdwn",
        "text": "💰 Infracost estimate: *Monthly estimate increased by $1,402 📈*"
      }
    },
    {
      "type": "divider"
    },
    {
      "type": "section",
      "fields": [
        {
          "type": "plain_text",
          "text": "Project"
        },
        {
          "type": "plain_text",
          "text": "Diff"
        },
        {
          "type": "plain_text",
          "text": "infracost/infracost/cmd/infracost/testdata"
        },
        {
          "type": "plain_text",
          "text": "+$1,361 ($0.00 → $1,361)"
        },
        {
          "type": "plain_text",
          "text": "infracost/infracost/...orm_v0.14_plan.json"
        },
        {
          "type": "plain_text",
          "text": "+$41 ($41 → $81)"
        },
        {
          "type": "plain_text",
          "text": "All projects"
        },
        {
          "type": "plain_text",
          "text": "+$41 ($81 → $1,483)"
        }
      ]
    },
    {
      "type": "section",
      "text": {
        "type": "mrkdwn",
        "text": "1 project has no cost estimate changes."
      }
    }
  ],
  "replace_original": false,
  "delete_original": false
}
