
 Name                      Monthly Qty  Unit    Monthly Cost   
                                                               
 azurerm_dns_zone.germany                                      
 └─ Hosted zone                      1  months         $0.54   
                                                               
 azurerm_dns_zone.westus                                       
 └─ Hosted zone                      1  months         $0.50   
                                                               
 OVERALL TOTAL                                        $1.04 

*Usage costs can be estimated by adding usage defaults from Infracost Cloud or an infracost-usage.yml.

──────────────────────────────────
4 cloud resources were detected:
∙ 2 were estimated
∙ 2 were free

┏━━━━━━━━━━━━━━━━━━━━━━━━━━━━━━━━━━━━━━━━━━━━━━━━━━━━┳━━━━━━━━━━━━━━━┳━━━━━━━━━━━━━┳━━━━━━━━━━━━┓
┃ Project                                            ┃ Baseline cost ┃ Usage cost* ┃ Total cost ┃
┣━━━━━━━━━━━━━━━━━━━━━━━━━━━━━━━━━━━━━━━━━━━━━━━━━━━━╋━━━━━━━━━━━━━━━╋━━━━━━━━━━━━━╋━━━━━━━━━━━━┫
┃ TestAzureRMDNSZone                                 ┃ $1            ┃ $0.00       ┃ $1         ┃
┗━━━━━━━━━━━━━━━━━━━━━━━━━━━━━━━━━━━━━━━━━━━━━━━━━━━━┻━━━━━━━━━━━━━━━┻━━━━━━━━━━━━━┻━━━━━━━━━━━━┛