
Logs:
INFO Estimate uploaded to Infracost Cloud
INFO 2 finops policies checked
INFO finops policy check failed: should show as failing
