
 Name                                          Monthly Qty  Unit              Monthly Cost 
                                                                                           
 azurerm_lb.example_withStandardSku                                                        
 └─ Data processed                          Monthly cost depends on usage: $0.005 per GB   
                                                                                           
 azurerm_lb_rule.rules_withStandardSku                                                     
 └─ Rule usage                                         730  hours                    $7.30 
                                                                                           
 azurerm_public_ip.example_withBasicSku                                                    
 └─ IP address (static)                                730  hours                    $2.63 
                                                                                           
 azurerm_public_ip.example_withDefaultSku                                                  
 └─ IP address (static)                                730  hours                    $2.63 
                                                                                           
 azurerm_public_ip.example_withStandardSku                                                 
 └─ IP address (static)                                730  hours                    $2.63 
                                                                                           
 OVERALL TOTAL                                                                      $15.18 
──────────────────────────────────
10 cloud resources were detected:
∙ 5 were estimated, 1 of which usage-based costs, see https://infracost.io/usage-file
∙ 5 were free:
  ∙ 2 x azurerm_lb
  ∙ 2 x azurerm_lb_rule
  ∙ 1 x azurerm_resource_group

┏━━━━━━━━━━━━━━━━━━━━━━━━━━━━━━━━━━━━━━━━━━━━━━━━━━━━┳━━━━━━━━━━━━━━┓
┃ Project                                            ┃ Monthly cost ┃
┣━━━━━━━━━━━━━━━━━━━━━━━━━━━━━━━━━━━━━━━━━━━━━━━━━━━━╋━━━━━━━━━━━━━━┫
┃ TestAzureRMLoadBalancerRuleV2GoldenFile            ┃ $15          ┃
┗━━━━━━━━━━━━━━━━━━━━━━━━━━━━━━━━━━━━━━━━━━━━━━━━━━━━┻━━━━━━━━━━━━━━┛