
Project: infracost/infracost/cmd/infracost/testdata/example_plan.json

+ aws_instance.web_app
  +$743

    + Instance usage (Linux/UNIX, on-demand, m5.4xlarge)
      +$561

    + root_block_device
    
        + Storage (general purpose SSD, gp2)
          +$5.00

    + ebs_block_device[0]
    
        + Storage (provisioned IOPS SSD, io1)
          +$125
    
        + Provisioned IOPS
          +$52.00

+ aws_instance.zero_cost_instance
  +$182

    + Instance usage (Linux/UNIX, reserved, m5.4xlarge)
      $0.00

    + root_block_device
    
        + Storage (general purpose SSD, gp2)
          +$5.00

    + ebs_block_device[0]
    
        + Storage (provisioned IOPS SSD, io1)
          +$125
    
        + Provisioned IOPS
          +$52.00

+ aws_lambda_function.hello_world
  +$437

    + Requests
      +$20.00

    + Duration
      +$417

+ aws_lambda_function.zero_cost_lambda
  $0.00

    + Requests
      $0.00

    + Duration
      $0.00

Monthly cost change for infracost/infracost/cmd/infracost/testdata/example_plan.json
Amount:  +$1,361 ($0.00 -> $1,361)

----------------------------------
Key: ~ changed, + added, - removed
