version: 0.1

projects:
  - path: infra/dev
    name: infra-dev
    skip_autodetect: true
    dependency_paths:
      - infra/dev/**
      - infra/modules/is_also_called/**
      - infra/modules/is_called/**
  - path: infra/modules/is_a_project
    name: infra-modules-is_a_project
    skip_autodetect: true
  - path: infra/prod
    name: infra-prod
    skip_autodetect: true
    dependency_paths:
      - infra/modules/is_called/**
      - infra/prod/**

