
 Name                                    Monthly Qty  Unit   Monthly Cost 
                                                                          
 aws_ec2_traffic_mirror_session.session                                   
 └─ Traffic mirror                               730  hours        $10.95 
                                                                          
 OVERALL TOTAL                                                     $10.95 
──────────────────────────────────
1 cloud resource was detected:
∙ 1 was estimated