└── apps
    ├── bar (terraform)
    ├── envs
    │   ├── dev.tfvars
    │   ├── prod.tfvars
    │   └── shared.tfvars
    └── foo (terraform)
